127.0.0.1 - - [28/Feb/2026:23:23:11 -0600] "DELETE /api/login HTTP/1.1" 200 388 "-" "PostmanRuntime/7.28.4"
172.16.0.3 - - [28/Feb/2026:23:23:13 -0600] "POST /api/login HTTP/1.1" 200 1078 "-" "PostmanRuntime/7.28.4"
172.16.0.3 - - [28/Feb/2026:23:23:13 -0600] "POST /api/profile HTTP/1.1" 200 1613 "-" "Mozilla/5.0"
172.16.0.3 - - [28/Feb/2026:23:23:14 -0600] "POST /api/search HTTP/1.1" 200 976 "-" "curl/7.68.0"
127.0.0.1 - - [28/Feb/2026:23:23:15 -0600] "DELETE /api/products HTTP/1.1" 404 842 "-" "PostmanRuntime/7.28.4"
10.0.0.5 - - [28/Feb/2026:23:23:16 -0600] "PUT /api/login HTTP/1.1" 200 928 "-" "Mozilla/5.0"
192.168.1.10 - - [28/Feb/2026:23:23:17 -0600] "DELETE /api/logout HTTP/1.1" 200 890 "-" "PostmanRuntime/7.28.4"
172.16.0.3 - - [28/Feb/2026:23:23:19 -0600] "GET /api/search HTTP/1.1" 404 1496 "-" "curl/7.68.0"
10.0.0.5 - - [28/Feb/2026:23:23:21 -0600] "PUT /api/search HTTP/1.1" 200 1737 "-" "Mozilla/5.0"
172.16.0.3 - - [28/Feb/2026:23:23:22 -0600] "DELETE /api/search HTTP/1.1" 200 904 "-" "curl/7.68.0"
10.0.0.5 - - [28/Feb/2026:23:23:24 -0600] "PUT /api/profile HTTP/1.1" 404 375 "-" "Mozilla/5.0"
10.0.0.5 - - [28/Feb/2026:23:23:26 -0600] "GET /api/products HTTP/1.1" 200 1688 "-" "PostmanRuntime/7.28.4"
172.16.0.3 - - [28/Feb/2026:23:23:27 -0600] "POST /api/profile HTTP/1.1" 200 1990 "-" "PostmanRuntime/7.28.4"
10.0.0.5 - - [28/Feb/2026:23:23:28 -0600] "GET /api/search HTTP/1.1" 200 211 "-" "Mozilla/5.0"
10.0.0.5 - - [28/Feb/2026:23:23:30 -0600] "PUT /api/checkout HTTP/1.1" 404 1416 "-" "curl/7.68.0"
192.168.1.10 - - [28/Feb/2026:23:23:32 -0600] "DELETE /api/checkout HTTP/1.1" 500 873 "-" "Mozilla/5.0"
172.16.0.3 - - [28/Feb/2026:23:23:33 -0600] "PUT /api/logout HTTP/1.1" 404 585 "-" "PostmanRuntime/7.28.4"
192.168.1.10 - - [28/Feb/2026:23:23:33 -0600] "POST /api/profile HTTP/1.1" 500 1546 "-" "curl/7.68.0"
192.168.1.10 - - [28/Feb/2026:23:23:35 -0600] "GET /api/cart HTTP/1.1" 200 857 "-" "curl/7.68.0"
10.0.0.5 - - [28/Feb/2026:23:23:36 -0600] "DELETE /api/profile HTTP/1.1" 200 1731 "-" "PostmanRuntime/7.28.4"
127.0.0.1 - - [28/Feb/2026:23:23:39 -0600] "PUT /api/cart HTTP/1.1" 404 1477 "-" "curl/7.68.0"
127.0.0.1 - - [28/Feb/2026:23:23:40 -0600] "DELETE /api/checkout HTTP/1.1" 404 1106 "-" "Mozilla/5.0"
172.16.0.3 - - [28/Feb/2026:23:23:41 -0600] "GET /api/logout HTTP/1.1" 200 986 "-" "curl/7.68.0"
192.168.1.10 - - [28/Feb/2026:23:23:42 -0600] "GET /api/checkout HTTP/1.1" 404 1275 "-" "Mozilla/5.0"
192.168.1.10 - - [28/Feb/2026:23:23:43 -0600] "POST /api/checkout HTTP/1.1" 200 1914 "-" "PostmanRuntime/7.28.4"
10.0.0.5 - - [28/Feb/2026:23:23:45 -0600] "PUT /api/profile HTTP/1.1" 200 917 "-" "curl/7.68.0"
10.0.0.5 - - [28/Feb/2026:23:23:46 -0600] "GET /api/checkout HTTP/1.1" 200 829 "-" "PostmanRuntime/7.28.4"
127.0.0.1 - - [28/Feb/2026:23:23:48 -0600] "DELETE /api/profile HTTP/1.1" 200 840 "-" "PostmanRuntime/7.28.4"
10.0.0.5 - - [28/Feb/2026:23:23:49 -0600] "PUT /api/search HTTP/1.1" 200 1140 "-" "curl/7.68.0"
192.168.1.10 - - [28/Feb/2026:23:23:51 -0600] "PUT /api/login HTTP/1.1" 404 1714 "-" "Mozilla/5.0"
10.0.0.5 - - [28/Feb/2026:23:23:53 -0600] "GET /api/login HTTP/1.1" 500 1503 "-" "curl/7.68.0"
127.0.0.1 - - [28/Feb/2026:23:23:54 -0600] "POST /api/checkout HTTP/1.1" 200 1535 "-" "PostmanRuntime/7.28.4"
127.0.0.1 - - [28/Feb/2026:23:23:56 -0600] "DELETE /api/login HTTP/1.1" 200 222 "-" "curl/7.68.0"
127.0.0.1 - - [28/Feb/2026:23:23:57 -0600] "DELETE /api/profile HTTP/1.1" 500 900 "-" "PostmanRuntime/7.28.4"
10.0.0.5 - - [28/Feb/2026:23:23:58 -0600] "DELETE /api/login HTTP/1.1" 200 1431 "-" "curl/7.68.0"
10.0.0.5 - - [28/Feb/2026:23:24:00 -0600] "POST /api/login HTTP/1.1" 200 234 "-" "curl/7.68.0"
172.16.0.3 - - [28/Feb/2026:23:24:01 -0600] "DELETE /api/login HTTP/1.1" 200 686 "-" "PostmanRuntime/7.28.4"
172.16.0.3 - - [28/Feb/2026:23:24:02 -0600] "DELETE /api/login HTTP/1.1" 200 267 "-" "curl/7.68.0"
172.16.0.3 - - [28/Feb/2026:23:24:03 -0600] "DELETE /api/products HTTP/1.1" 200 1859 "-" "curl/7.68.0"
192.168.1.10 - - [28/Feb/2026:23:24:05 -0600] "POST /api/products HTTP/1.1" 200 1394 "-" "PostmanRuntime/7.28.4"
172.16.0.3 - - [28/Feb/2026:23:24:06 -0600] "PUT /api/cart HTTP/1.1" 404 812 "-" "PostmanRuntime/7.28.4"
10.0.0.5 - - [28/Feb/2026:23:24:07 -0600] "DELETE /api/products HTTP/1.1" 500 1869 "-" "PostmanRuntime/7.28.4"
127.0.0.1 - - [28/Feb/2026:23:24:08 -0600] "POST /api/profile HTTP/1.1" 500 1189 "-" "curl/7.68.0"
10.0.0.5 - - [28/Feb/2026:23:24:10 -0600] "DELETE /api/cart HTTP/1.1" 200 1623 "-" "PostmanRuntime/7.28.4"
172.16.0.3 - - [28/Feb/2026:23:24:12 -0600] "POST /api/login HTTP/1.1" 404 1249 "-" "Mozilla/5.0"
172.16.0.3 - - [28/Feb/2026:23:24:13 -0600] "POST /api/checkout HTTP/1.1" 200 406 "-" "curl/7.68.0"
10.0.0.5 - - [28/Feb/2026:23:24:14 -0600] "POST /api/search HTTP/1.1" 200 1529 "-" "curl/7.68.0"
127.0.0.1 - - [28/Feb/2026:23:24:16 -0600] "DELETE /api/logout HTTP/1.1" 500 1304 "-" "PostmanRuntime/7.28.4"
172.16.0.3 - - [28/Feb/2026:23:24:17 -0600] "PUT /api/checkout HTTP/1.1" 404 1292 "-" "PostmanRuntime/7.28.4"
192.168.1.10 - - [28/Feb/2026:23:24:20 -0600] "GET /api/products HTTP/1.1" 404 648 "-" "curl/7.68.0"
127.0.0.1 - - [28/Feb/2026:23:24:21 -0600] "POST /api/logout HTTP/1.1" 404 1660 "-" "curl/7.68.0"
127.0.0.1 - - [28/Feb/2026:23:24:22 -0600] "GET /api/checkout HTTP/1.1" 404 785 "-" "curl/7.68.0"
127.0.0.1 - - [28/Feb/2026:23:24:23 -0600] "GET /api/login HTTP/1.1" 404 1269 "-" "PostmanRuntime/7.28.4"
172.16.0.3 - - [28/Feb/2026:23:24:25 -0600] "DELETE /api/profile HTTP/1.1" 200 1674 "-" "curl/7.68.0"
127.0.0.1 - - [28/Feb/2026:23:24:26 -0600] "GET /api/checkout HTTP/1.1" 200 264 "-" "Mozilla/5.0"
10.0.0.5 - - [28/Feb/2026:23:24:27 -0600] "POST /api/products HTTP/1.1" 500 1296 "-" "curl/7.68.0"
127.0.0.1 - - [28/Feb/2026:23:24:28 -0600] "PUT /api/profile HTTP/1.1" 200 1413 "-" "curl/7.68.0"
10.0.0.5 - - [28/Feb/2026:23:24:29 -0600] "DELETE /api/login HTTP/1.1" 200 1751 "-" "curl/7.68.0"
172.16.0.3 - - [28/Feb/2026:23:24:31 -0600] "POST /api/checkout HTTP/1.1" 200 1879 "-" "Mozilla/5.0"
192.168.1.10 - - [28/Feb/2026:23:24:33 -0600] "POST /api/search HTTP/1.1" 200 964 "-" "Mozilla/5.0"
127.0.0.1 - - [28/Feb/2026:23:24:35 -0600] "PUT /api/logout HTTP/1.1" 500 510 "-" "PostmanRuntime/7.28.4"
127.0.0.1 - - [28/Feb/2026:23:24:35 -0600] "DELETE /api/checkout HTTP/1.1" 200 632 "-" "curl/7.68.0"
10.0.0.5 - - [28/Feb/2026:23:24:37 -0600] "DELETE /api/login HTTP/1.1" 404 1120 "-" "curl/7.68.0"
10.0.0.5 - - [28/Feb/2026:23:24:38 -0600] "DELETE /api/products HTTP/1.1" 500 496 "-" "curl/7.68.0"
172.16.0.3 - - [28/Feb/2026:23:24:39 -0600] "POST /api/cart HTTP/1.1" 200 1214 "-" "PostmanRuntime/7.28.4"
127.0.0.1 - - [28/Feb/2026:23:24:40 -0600] "PUT /api/profile HTTP/1.1" 404 484 "-" "curl/7.68.0"
192.168.1.10 - - [28/Feb/2026:23:24:41 -0600] "POST /api/logout HTTP/1.1" 500 1938 "-" "curl/7.68.0"
192.168.1.10 - - [28/Feb/2026:23:24:43 -0600] "PUT /api/logout HTTP/1.1" 404 1394 "-" "curl/7.68.0"
192.168.1.10 - - [28/Feb/2026:23:24:45 -0600] "PUT /api/logout HTTP/1.1" 200 1766 "-" "PostmanRuntime/7.28.4"
192.168.1.10 - - [28/Feb/2026:23:24:47 -0600] "POST /api/logout HTTP/1.1" 200 219 "-" "PostmanRuntime/7.28.4"
10.0.0.5 - - [28/Feb/2026:23:24:48 -0600] "DELETE /api/search HTTP/1.1" 200 1382 "-" "PostmanRuntime/7.28.4"
192.168.1.10 - - [28/Feb/2026:23:24:50 -0600] "POST /api/profile HTTP/1.1" 500 1574 "-" "Mozilla/5.0"
10.0.0.5 - - [28/Feb/2026:23:24:51 -0600] "DELETE /api/checkout HTTP/1.1" 500 1800 "-" "curl/7.68.0"
10.0.0.5 - - [28/Feb/2026:23:24:53 -0600] "PUT /api/profile HTTP/1.1" 200 281 "-" "Mozilla/5.0"
172.16.0.3 - - [28/Feb/2026:23:24:54 -0600] "POST /api/cart HTTP/1.1" 500 1806 "-" "PostmanRuntime/7.28.4"
192.168.1.10 - - [28/Feb/2026:23:24:56 -0600] "DELETE /api/products HTTP/1.1" 500 1662 "-" "curl/7.68.0"
172.16.0.3 - - [28/Feb/2026:23:24:57 -0600] "PUT /api/checkout HTTP/1.1" 404 961 "-" "PostmanRuntime/7.28.4"
127.0.0.1 - - [28/Feb/2026:23:24:59 -0600] "GET /api/products HTTP/1.1" 500 711 "-" "PostmanRuntime/7.28.4"
10.0.0.5 - - [28/Feb/2026:23:24:59 -0600] "GET /api/cart HTTP/1.1" 404 995 "-" "Mozilla/5.0"
127.0.0.1 - - [28/Feb/2026:23:25:01 -0600] "DELETE /api/products HTTP/1.1" 200 1791 "-" "curl/7.68.0"
172.16.0.3 - - [28/Feb/2026:23:25:02 -0600] "DELETE /api/search HTTP/1.1" 200 1674 "-" "Mozilla/5.0"
192.168.1.10 - - [28/Feb/2026:23:25:04 -0600] "DELETE /api/login HTTP/1.1" 500 1794 "-" "curl/7.68.0"
10.0.0.5 - - [28/Feb/2026:23:25:05 -0600] "DELETE /api/products HTTP/1.1" 200 1797 "-" "curl/7.68.0"
10.0.0.5 - - [28/Feb/2026:23:25:05 -0600] "POST /api/cart HTTP/1.1" 200 1490 "-" "Mozilla/5.0"
127.0.0.1 - - [28/Feb/2026:23:25:07 -0600] "PUT /api/products HTTP/1.1" 200 1044 "-" "curl/7.68.0"
172.16.0.3 - - [28/Feb/2026:23:25:09 -0600] "DELETE /api/profile HTTP/1.1" 404 620 "-" "curl/7.68.0"
192.168.1.10 - - [28/Feb/2026:23:25:11 -0600] "DELETE /api/products HTTP/1.1" 200 361 "-" "Mozilla/5.0"
172.16.0.3 - - [28/Feb/2026:23:25:12 -0600] "GET /api/profile HTTP/1.1" 200 1438 "-" "curl/7.68.0"
172.16.0.3 - - [28/Feb/2026:23:25:13 -0600] "PUT /api/products HTTP/1.1" 200 943 "-" "PostmanRuntime/7.28.4"
192.168.1.10 - - [28/Feb/2026:23:25:14 -0600] "PUT /api/cart HTTP/1.1" 404 1178 "-" "curl/7.68.0"
10.0.0.5 - - [28/Feb/2026:23:25:16 -0600] "PUT /api/login HTTP/1.1" 200 348 "-" "curl/7.68.0"
10.0.0.5 - - [28/Feb/2026:23:25:17 -0600] "DELETE /api/cart HTTP/1.1" 404 961 "-" "Mozilla/5.0"
172.16.0.3 - - [28/Feb/2026:23:25:18 -0600] "PUT /api/cart HTTP/1.1" 500 740 "-" "curl/7.68.0"
172.16.0.3 - - [28/Feb/2026:23:25:20 -0600] "DELETE /api/checkout HTTP/1.1" 404 1642 "-" "curl/7.68.0"
192.168.1.10 - - [28/Feb/2026:23:25:21 -0600] "DELETE /api/profile HTTP/1.1" 200 640 "-" "PostmanRuntime/7.28.4"
172.16.0.3 - - [28/Feb/2026:23:25:23 -0600] "PUT /api/logout HTTP/1.1" 500 1482 "-" "PostmanRuntime/7.28.4"
192.168.1.10 - - [28/Feb/2026:23:25:24 -0600] "GET /api/checkout HTTP/1.1" 500 786 "-" "Mozilla/5.0"
127.0.0.1 - - [28/Feb/2026:23:25:25 -0600] "POST /api/checkout HTTP/1.1" 500 1016 "-" "Mozilla/5.0"
172.16.0.3 - - [28/Feb/2026:23:25:26 -0600] "PUT /api/search HTTP/1.1" 200 1697 "-" "Mozilla/5.0"
192.168.1.10 - - [28/Feb/2026:23:25:28 -0600] "PUT /api/products HTTP/1.1" 404 1713 "-" "curl/7.68.0"
172.16.0.3 - - [28/Feb/2026:23:25:28 -0600] "POST /api/checkout HTTP/1.1" 404 1637 "-" "PostmanRuntime/7.28.4"
127.0.0.1 - - [28/Feb/2026:23:25:30 -0600] "POST /api/logout HTTP/1.1" 404 255 "-" "PostmanRuntime/7.28.4"
127.0.0.1 - - [28/Feb/2026:23:25:32 -0600] "PUT /api/profile HTTP/1.1" 200 1358 "-" "Mozilla/5.0"
172.16.0.3 - - [28/Feb/2026:23:25:32 -0600] "DELETE /api/cart HTTP/1.1" 200 359 "-" "PostmanRuntime/7.28.4"
10.0.0.5 - - [28/Feb/2026:23:25:35 -0600] "DELETE /api/checkout HTTP/1.1" 200 428 "-" "Mozilla/5.0"
127.0.0.1 - - [28/Feb/2026:23:25:36 -0600] "DELETE /api/login HTTP/1.1" 200 1093 "-" "curl/7.68.0"
192.168.1.10 - - [28/Feb/2026:23:25:37 -0600] "POST /api/checkout HTTP/1.1" 404 1442 "-" "Mozilla/5.0"
10.0.0.5 - - [28/Feb/2026:23:25:39 -0600] "DELETE /api/cart HTTP/1.1" 500 1331 "-" "curl/7.68.0"
10.0.0.5 - - [28/Feb/2026:23:25:40 -0600] "PUT /api/products HTTP/1.1" 404 220 "-" "curl/7.68.0"
127.0.0.1 - - [28/Feb/2026:23:25:41 -0600] "DELETE /api/profile HTTP/1.1" 404 741 "-" "curl/7.68.0"
192.168.1.10 - - [28/Feb/2026:23:25:43 -0600] "PUT /api/checkout HTTP/1.1" 200 1715 "-" "Mozilla/5.0"
127.0.0.1 - - [28/Feb/2026:23:25:44 -0600] "POST /api/checkout HTTP/1.1" 200 221 "-" "curl/7.68.0"
10.0.0.5 - - [28/Feb/2026:23:25:45 -0600] "DELETE /api/cart HTTP/1.1" 200 938 "-" "curl/7.68.0"
172.16.0.3 - - [28/Feb/2026:23:25:47 -0600] "DELETE /api/login HTTP/1.1" 200 529 "-" "PostmanRuntime/7.28.4"
127.0.0.1 - - [28/Feb/2026:23:25:48 -0600] "DELETE /api/profile HTTP/1.1" 200 846 "-" "PostmanRuntime/7.28.4"
10.0.0.5 - - [28/Feb/2026:23:25:49 -0600] "PUT /api/login HTTP/1.1" 404 1534 "-" "PostmanRuntime/7.28.4"
10.0.0.5 - - [28/Feb/2026:23:25:51 -0600] "PUT /api/checkout HTTP/1.1" 200 1080 "-" "curl/7.68.0"
127.0.0.1 - - [28/Feb/2026:23:25:52 -0600] "POST /api/logout HTTP/1.1" 200 1957 "-" "curl/7.68.0"
172.16.0.3 - - [28/Feb/2026:23:25:53 -0600] "DELETE /api/products HTTP/1.1" 404 276 "-" "PostmanRuntime/7.28.4"
10.0.0.5 - - [28/Feb/2026:23:25:55 -0600] "POST /api/logout HTTP/1.1" 200 807 "-" "PostmanRuntime/7.28.4"
10.0.0.5 - - [28/Feb/2026:23:25:57 -0600] "DELETE /api/login HTTP/1.1" 200 914 "-" "PostmanRuntime/7.28.4"
192.168.1.10 - - [28/Feb/2026:23:25:58 -0600] "POST /api/logout HTTP/1.1" 404 541 "-" "PostmanRuntime/7.28.4"
192.168.1.10 - - [28/Feb/2026:23:25:59 -0600] "POST /api/cart HTTP/1.1" 200 366 "-" "Mozilla/5.0"
127.0.0.1 - - [28/Feb/2026:23:26:00 -0600] "GET /api/checkout HTTP/1.1" 200 974 "-" "PostmanRuntime/7.28.4"
127.0.0.1 - - [28/Feb/2026:23:26:01 -0600] "PUT /api/products HTTP/1.1" 200 563 "-" "Mozilla/5.0"
127.0.0.1 - - [28/Feb/2026:23:26:03 -0600] "DELETE /api/logout HTTP/1.1" 200 1976 "-" "PostmanRuntime/7.28.4"
127.0.0.1 - - [28/Feb/2026:23:26:03 -0600] "POST /api/products HTTP/1.1" 200 375 "-" "curl/7.68.0"
127.0.0.1 - - [28/Feb/2026:23:26:05 -0600] "DELETE /api/profile HTTP/1.1" 200 389 "-" "PostmanRuntime/7.28.4"
127.0.0.1 - - [28/Feb/2026:23:26:06 -0600] "PUT /api/cart HTTP/1.1" 404 238 "-" "curl/7.68.0"
10.0.0.5 - - [28/Feb/2026:23:26:08 -0600] "PUT /api/login HTTP/1.1" 500 681 "-" "Mozilla/5.0"
192.168.1.10 - - [28/Feb/2026:23:26:09 -0600] "DELETE /api/logout HTTP/1.1" 200 1740 "-" "PostmanRuntime/7.28.4"
192.168.1.10 - - [28/Feb/2026:23:26:10 -0600] "POST /api/cart HTTP/1.1" 200 943 "-" "Mozilla/5.0"
172.16.0.3 - - [28/Feb/2026:23:26:11 -0600] "GET /api/login HTTP/1.1" 500 1386 "-" "PostmanRuntime/7.28.4"
10.0.0.5 - - [28/Feb/2026:23:26:13 -0600] "GET /api/profile HTTP/1.1" 200 666 "-" "curl/7.68.0"
192.168.1.10 - - [28/Feb/2026:23:26:14 -0600] "PUT /api/search HTTP/1.1" 200 1534 "-" "Mozilla/5.0"
192.168.1.10 - - [28/Feb/2026:23:26:16 -0600] "GET /api/search HTTP/1.1" 200 410 "-" "Mozilla/5.0"
192.168.1.10 - - [28/Feb/2026:23:26:17 -0600] "POST /api/checkout HTTP/1.1" 200 499 "-" "Mozilla/5.0"
10.0.0.5 - - [28/Feb/2026:23:26:19 -0600] "POST /api/logout HTTP/1.1" 404 1463 "-" "curl/7.68.0"
127.0.0.1 - - [28/Feb/2026:23:26:20 -0600] "PUT /api/login HTTP/1.1" 404 1783 "-" "PostmanRuntime/7.28.4"
10.0.0.5 - - [28/Feb/2026:23:26:22 -0600] "GET /api/login HTTP/1.1" 200 326 "-" "PostmanRuntime/7.28.4"
172.16.0.3 - - [28/Feb/2026:23:26:23 -0600] "PUT /api/products HTTP/1.1" 404 1891 "-" "Mozilla/5.0"
172.16.0.3 - - [28/Feb/2026:23:26:24 -0600] "DELETE /api/products HTTP/1.1" 200 1002 "-" "PostmanRuntime/7.28.4"
127.0.0.1 - - [28/Feb/2026:23:26:25 -0600] "DELETE /api/search HTTP/1.1" 200 928 "-" "PostmanRuntime/7.28.4"
192.168.1.10 - - [28/Feb/2026:23:26:27 -0600] "DELETE /api/login HTTP/1.1" 200 1993 "-" "PostmanRuntime/7.28.4"
172.16.0.3 - - [28/Feb/2026:23:26:29 -0600] "PUT /api/logout HTTP/1.1" 200 1553 "-" "PostmanRuntime/7.28.4"
127.0.0.1 - - [28/Feb/2026:23:26:30 -0600] "GET /api/checkout HTTP/1.1" 200 1308 "-" "Mozilla/5.0"
127.0.0.1 - - [28/Feb/2026:23:26:31 -0600] "POST /api/search HTTP/1.1" 500 1324 "-" "curl/7.68.0"
192.168.1.10 - - [28/Feb/2026:23:26:33 -0600] "PUT /api/logout HTTP/1.1" 200 1828 "-" "PostmanRuntime/7.28.4"
172.16.0.3 - - [28/Feb/2026:23:26:34 -0600] "POST /api/cart HTTP/1.1" 200 463 "-" "curl/7.68.0"
192.168.1.10 - - [28/Feb/2026:23:26:34 -0600] "PUT /api/login HTTP/1.1" 200 845 "-" "curl/7.68.0"
172.16.0.3 - - [28/Feb/2026:23:26:35 -0600] "POST /api/profile HTTP/1.1" 500 1752 "-" "Mozilla/5.0"
172.16.0.3 - - [28/Feb/2026:23:26:36 -0600] "GET /api/search HTTP/1.1" 404 1215 "-" "PostmanRuntime/7.28.4"
10.0.0.5 - - [28/Feb/2026:23:26:37 -0600] "GET /api/products HTTP/1.1" 200 942 "-" "Mozilla/5.0"
10.0.0.5 - - [28/Feb/2026:23:26:38 -0600] "PUT /api/logout HTTP/1.1" 200 1953 "-" "curl/7.68.0"
172.16.0.3 - - [28/Feb/2026:23:26:38 -0600] "POST /api/checkout HTTP/1.1" 200 1184 "-" "curl/7.68.0"
172.16.0.3 - - [28/Feb/2026:23:26:40 -0600] "GET /api/products HTTP/1.1" 200 1873 "-" "PostmanRuntime/7.28.4"
127.0.0.1 - - [28/Feb/2026:23:26:41 -0600] "GET /api/profile HTTP/1.1" 200 1092 "-" "curl/7.68.0"
192.168.1.10 - - [28/Feb/2026:23:26:43 -0600] "POST /api/login HTTP/1.1" 500 385 "-" "curl/7.68.0"
192.168.1.10 - - [28/Feb/2026:23:26:43 -0600] "PUT /api/products HTTP/1.1" 200 1079 "-" "curl/7.68.0"
127.0.0.1 - - [28/Feb/2026:23:26:45 -0600] "PUT /api/checkout HTTP/1.1" 200 1310 "-" "curl/7.68.0"
192.168.1.10 - - [28/Feb/2026:23:26:46 -0600] "PUT /api/products HTTP/1.1" 200 1716 "-" "curl/7.68.0"
127.0.0.1 - - [28/Feb/2026:23:26:47 -0600] "PUT /api/profile HTTP/1.1" 404 1476 "-" "PostmanRuntime/7.28.4"
10.0.0.5 - - [28/Feb/2026:23:26:49 -0600] "DELETE /api/login HTTP/1.1" 200 290 "-" "Mozilla/5.0"
172.16.0.3 - - [28/Feb/2026:23:26:50 -0600] "PUT /api/login HTTP/1.1" 200 1212 "-" "PostmanRuntime/7.28.4"
192.168.1.10 - - [28/Feb/2026:23:26:52 -0600] "POST /api/products HTTP/1.1" 200 817 "-" "Mozilla/5.0"
192.168.1.10 - - [28/Feb/2026:23:26:54 -0600] "DELETE /api/login HTTP/1.1" 500 519 "-" "PostmanRuntime/7.28.4"
172.16.0.3 - - [28/Feb/2026:23:26:55 -0600] "DELETE /api/logout HTTP/1.1" 500 760 "-" "curl/7.68.0"
127.0.0.1 - - [28/Feb/2026:23:26:56 -0600] "GET /api/cart HTTP/1.1" 404 434 "-" "curl/7.68.0"
10.0.0.5 - - [28/Feb/2026:23:26:57 -0600] "PUT /api/cart HTTP/1.1" 404 1985 "-" "Mozilla/5.0"
10.0.0.5 - - [28/Feb/2026:23:26:58 -0600] "DELETE /api/products HTTP/1.1" 200 1105 "-" "Mozilla/5.0"
172.16.0.3 - - [28/Feb/2026:23:26:59 -0600] "POST /api/cart HTTP/1.1" 500 1046 "-" "curl/7.68.0"
127.0.0.1 - - [28/Feb/2026:23:27:00 -0600] "GET /api/search HTTP/1.1" 200 1353 "-" "Mozilla/5.0"
127.0.0.1 - - [28/Feb/2026:23:27:01 -0600] "DELETE /api/login HTTP/1.1" 500 1828 "-" "Mozilla/5.0"
10.0.0.5 - - [28/Feb/2026:23:27:02 -0600] "GET /api/products HTTP/1.1" 404 1997 "-" "Mozilla/5.0"
10.0.0.5 - - [28/Feb/2026:23:27:04 -0600] "PUT /api/login HTTP/1.1" 200 1004 "-" "PostmanRuntime/7.28.4"
172.16.0.3 - - [28/Feb/2026:23:27:05 -0600] "GET /api/profile HTTP/1.1" 404 1380 "-" "curl/7.68.0"
10.0.0.5 - - [28/Feb/2026:23:27:06 -0600] "GET /api/login HTTP/1.1" 200 508 "-" "PostmanRuntime/7.28.4"
127.0.0.1 - - [28/Feb/2026:23:27:07 -0600] "GET /api/profile HTTP/1.1" 404 223 "-" "Mozilla/5.0"
172.16.0.3 - - [28/Feb/2026:23:27:09 -0600] "POST /api/login HTTP/1.1" 200 685 "-" "PostmanRuntime/7.28.4"
172.16.0.3 - - [28/Feb/2026:23:27:10 -0600] "GET /api/checkout HTTP/1.1" 404 1036 "-" "PostmanRuntime/7.28.4"
127.0.0.1 - - [28/Feb/2026:23:27:12 -0600] "POST /api/profile HTTP/1.1" 404 1886 "-" "PostmanRuntime/7.28.4"
10.0.0.5 - - [28/Feb/2026:23:27:14 -0600] "GET /api/search HTTP/1.1" 200 1726 "-" "curl/7.68.0"
127.0.0.1 - - [28/Feb/2026:23:27:15 -0600] "PUT /api/products HTTP/1.1" 500 533 "-" "curl/7.68.0"
127.0.0.1 - - [28/Feb/2026:23:27:17 -0600] "DELETE /api/cart HTTP/1.1" 200 1690 "-" "PostmanRuntime/7.28.4"
127.0.0.1 - - [28/Feb/2026:23:27:19 -0600] "PUT /api/login HTTP/1.1" 404 550 "-" "curl/7.68.0"
10.0.0.5 - - [28/Feb/2026:23:27:20 -0600] "POST /api/search HTTP/1.1" 200 1625 "-" "Mozilla/5.0"
192.168.1.10 - - [28/Feb/2026:23:27:21 -0600] "DELETE /api/login HTTP/1.1" 200 306 "-" "curl/7.68.0"
192.168.1.10 - - [28/Feb/2026:23:27:22 -0600] "DELETE /api/products HTTP/1.1" 200 1562 "-" "PostmanRuntime/7.28.4"
10.0.0.5 - - [28/Feb/2026:23:27:23 -0600] "GET /api/logout HTTP/1.1" 500 765 "-" "Mozilla/5.0"
127.0.0.1 - - [28/Feb/2026:23:27:25 -0600] "GET /api/products HTTP/1.1" 404 1562 "-" "Mozilla/5.0"
192.168.1.10 - - [28/Feb/2026:23:27:26 -0600] "POST /api/logout HTTP/1.1" 500 454 "-" "curl/7.68.0"
127.0.0.1 - - [28/Feb/2026:23:27:27 -0600] "POST /api/login HTTP/1.1" 500 854 "-" "PostmanRuntime/7.28.4"
172.16.0.3 - - [28/Feb/2026:23:27:28 -0600] "GET /api/login HTTP/1.1" 200 1627 "-" "PostmanRuntime/7.28.4"
127.0.0.1 - - [28/Feb/2026:23:27:29 -0600] "POST /api/profile HTTP/1.1" 200 1837 "-" "PostmanRuntime/7.28.4"
172.16.0.3 - - [28/Feb/2026:23:27:31 -0600] "GET /api/cart HTTP/1.1" 200 797 "-" "Mozilla/5.0"
127.0.0.1 - - [28/Feb/2026:23:27:32 -0600] "PUT /api/login HTTP/1.1" 404 1135 "-" "Mozilla/5.0"
127.0.0.1 - - [28/Feb/2026:23:27:33 -0600] "DELETE /api/products HTTP/1.1" 500 1002 "-" "Mozilla/5.0"
10.0.0.5 - - [28/Feb/2026:23:27:33 -0600] "PUT /api/search HTTP/1.1" 200 935 "-" "PostmanRuntime/7.28.4"
192.168.1.10 - - [28/Feb/2026:23:27:34 -0600] "PUT /api/checkout HTTP/1.1" 200 1571 "-" "Mozilla/5.0"
10.0.0.5 - - [28/Feb/2026:23:27:36 -0600] "POST /api/products HTTP/1.1" 200 1836 "-" "PostmanRuntime/7.28.4"
172.16.0.3 - - [28/Feb/2026:23:27:36 -0600] "DELETE /api/search HTTP/1.1" 200 310 "-" "curl/7.68.0"
10.0.0.5 - - [28/Feb/2026:23:27:38 -0600] "POST /api/profile HTTP/1.1" 200 1868 "-" "Mozilla/5.0"
192.168.1.10 - - [28/Feb/2026:23:27:39 -0600] "DELETE /api/login HTTP/1.1" 200 1675 "-" "Mozilla/5.0"
172.16.0.3 - - [28/Feb/2026:23:27:40 -0600] "POST /api/cart HTTP/1.1" 404 796 "-" "PostmanRuntime/7.28.4"
127.0.0.1 - - [28/Feb/2026:23:27:42 -0600] "DELETE /api/profile HTTP/1.1" 200 1875 "-" "PostmanRuntime/7.28.4"
172.16.0.3 - - [28/Feb/2026:23:27:43 -0600] "DELETE /api/logout HTTP/1.1" 404 380 "-" "Mozilla/5.0"
10.0.0.5 - - [28/Feb/2026:23:27:45 -0600] "GET /api/products HTTP/1.1" 404 1472 "-" "Mozilla/5.0"
192.168.1.10 - - [28/Feb/2026:23:27:46 -0600] "PUT /api/search HTTP/1.1" 200 833 "-" "Mozilla/5.0"
172.16.0.3 - - [28/Feb/2026:23:27:48 -0600] "DELETE /api/checkout HTTP/1.1" 404 867 "-" "Mozilla/5.0"
127.0.0.1 - - [28/Feb/2026:23:27:49 -0600] "POST /api/checkout HTTP/1.1" 200 326 "-" "PostmanRuntime/7.28.4"
10.0.0.5 - - [28/Feb/2026:23:27:50 -0600] "POST /api/profile HTTP/1.1" 200 1968 "-" "curl/7.68.0"
127.0.0.1 - - [28/Feb/2026:23:27:51 -0600] "PUT /api/search HTTP/1.1" 200 447 "-" "Mozilla/5.0"
10.0.0.5 - - [28/Feb/2026:23:27:52 -0600] "DELETE /api/login HTTP/1.1" 200 1445 "-" "curl/7.68.0"
192.168.1.10 - - [28/Feb/2026:23:27:53 -0600] "GET /api/logout HTTP/1.1" 500 562 "-" "curl/7.68.0"
10.0.0.5 - - [28/Feb/2026:23:27:54 -0600] "PUT /api/checkout HTTP/1.1" 200 1836 "-" "curl/7.68.0"
172.16.0.3 - - [28/Feb/2026:23:27:55 -0600] "DELETE /api/login HTTP/1.1" 500 483 "-" "Mozilla/5.0"
10.0.0.5 - - [28/Feb/2026:23:27:56 -0600] "POST /api/search HTTP/1.1" 500 275 "-" "PostmanRuntime/7.28.4"
127.0.0.1 - - [28/Feb/2026:23:27:58 -0600] "DELETE /api/cart HTTP/1.1" 200 1832 "-" "PostmanRuntime/7.28.4"
127.0.0.1 - - [28/Feb/2026:23:27:59 -0600] "PUT /api/search HTTP/1.1" 200 1409 "-" "curl/7.68.0"
192.168.1.10 - - [28/Feb/2026:23:28:01 -0600] "POST /api/profile HTTP/1.1" 200 1439 "-" "Mozilla/5.0"
127.0.0.1 - - [28/Feb/2026:23:28:01 -0600] "PUT /api/login HTTP/1.1" 200 610 "-" "curl/7.68.0"
127.0.0.1 - - [28/Feb/2026:23:28:03 -0600] "POST /api/search HTTP/1.1" 404 679 "-" "curl/7.68.0"
192.168.1.10 - - [28/Feb/2026:23:28:04 -0600] "DELETE /api/logout HTTP/1.1" 200 1004 "-" "PostmanRuntime/7.28.4"
192.168.1.10 - - [28/Feb/2026:23:28:06 -0600] "POST /api/products HTTP/1.1" 500 247 "-" "curl/7.68.0"
10.0.0.5 - - [28/Feb/2026:23:28:07 -0600] "DELETE /api/logout HTTP/1.1" 404 1228 "-" "PostmanRuntime/7.28.4"
10.0.0.5 - - [28/Feb/2026:23:28:08 -0600] "DELETE /api/checkout HTTP/1.1" 200 978 "-" "PostmanRuntime/7.28.4"
127.0.0.1 - - [28/Feb/2026:23:28:10 -0600] "PUT /api/logout HTTP/1.1" 500 674 "-" "Mozilla/5.0"
172.16.0.3 - - [28/Feb/2026:23:28:12 -0600] "PUT /api/logout HTTP/1.1" 500 1941 "-" "curl/7.68.0"
127.0.0.1 - - [28/Feb/2026:23:28:13 -0600] "POST /api/search HTTP/1.1" 200 550 "-" "PostmanRuntime/7.28.4"
172.16.0.3 - - [28/Feb/2026:23:28:14 -0600] "GET /api/login HTTP/1.1" 500 764 "-" "Mozilla/5.0"
10.0.0.5 - - [28/Feb/2026:23:28:15 -0600] "DELETE /api/cart HTTP/1.1" 200 1785 "-" "curl/7.68.0"
172.16.0.3 - - [28/Feb/2026:23:28:17 -0600] "PUT /api/search HTTP/1.1" 200 1170 "-" "PostmanRuntime/7.28.4"
192.168.1.10 - - [28/Feb/2026:23:28:18 -0600] "PUT /api/products HTTP/1.1" 500 869 "-" "curl/7.68.0"
127.0.0.1 - - [28/Feb/2026:23:28:18 -0600] "DELETE /api/search HTTP/1.1" 200 1920 "-" "PostmanRuntime/7.28.4"
127.0.0.1 - - [28/Feb/2026:23:28:20 -0600] "PUT /api/checkout HTTP/1.1" 200 541 "-" "curl/7.68.0"
192.168.1.10 - - [28/Feb/2026:23:28:21 -0600] "GET /api/logout HTTP/1.1" 500 386 "-" "Mozilla/5.0"
127.0.0.1 - - [28/Feb/2026:23:28:22 -0600] "POST /api/search HTTP/1.1" 500 1577 "-" "PostmanRuntime/7.28.4"
127.0.0.1 - - [28/Feb/2026:23:28:24 -0600] "POST /api/cart HTTP/1.1" 200 1546 "-" "PostmanRuntime/7.28.4"
10.0.0.5 - - [28/Feb/2026:23:28:26 -0600] "PUT /api/products HTTP/1.1" 200 1570 "-" "Mozilla/5.0"
172.16.0.3 - - [28/Feb/2026:23:28:28 -0600] "DELETE /api/login HTTP/1.1" 200 1438 "-" "Mozilla/5.0"
172.16.0.3 - - [28/Feb/2026:23:28:29 -0600] "GET /api/products HTTP/1.1" 200 768 "-" "Mozilla/5.0"
172.16.0.3 - - [28/Feb/2026:23:28:31 -0600] "POST /api/products HTTP/1.1" 200 991 "-" "curl/7.68.0"
192.168.1.10 - - [28/Feb/2026:23:28:33 -0600] "GET /api/login HTTP/1.1" 200 1214 "-" "Mozilla/5.0"
10.0.0.5 - - [28/Feb/2026:23:28:34 -0600] "PUT /api/profile HTTP/1.1" 200 779 "-" "curl/7.68.0"
192.168.1.10 - - [28/Feb/2026:23:28:35 -0600] "POST /api/checkout HTTP/1.1" 200 1380 "-" "PostmanRuntime/7.28.4"
192.168.1.10 - - [28/Feb/2026:23:28:36 -0600] "POST /api/profile HTTP/1.1" 200 948 "-" "curl/7.68.0"
172.16.0.3 - - [28/Feb/2026:23:28:37 -0600] "GET /api/logout HTTP/1.1" 404 1197 "-" "Mozilla/5.0"
127.0.0.1 - - [28/Feb/2026:23:28:38 -0600] "GET /api/checkout HTTP/1.1" 200 830 "-" "PostmanRuntime/7.28.4"
127.0.0.1 - - [28/Feb/2026:23:28:40 -0600] "POST /api/products HTTP/1.1" 500 843 "-" "Mozilla/5.0"
127.0.0.1 - - [28/Feb/2026:23:28:40 -0600] "POST /api/search HTTP/1.1" 200 666 "-" "curl/7.68.0"
127.0.0.1 - - [28/Feb/2026:23:28:41 -0600] "PUT /api/cart HTTP/1.1" 500 1582 "-" "Mozilla/5.0"
127.0.0.1 - - [28/Feb/2026:23:28:42 -0600] "POST /api/login HTTP/1.1" 200 1771 "-" "curl/7.68.0"
172.16.0.3 - - [28/Feb/2026:23:28:43 -0600] "DELETE /api/checkout HTTP/1.1" 404 1935 "-" "Mozilla/5.0"
10.0.0.5 - - [28/Feb/2026:23:28:44 -0600] "PUT /api/cart HTTP/1.1" 200 633 "-" "Mozilla/5.0"
10.0.0.5 - - [28/Feb/2026:23:28:45 -0600] "GET /api/profile HTTP/1.1" 200 1959 "-" "Mozilla/5.0"
192.168.1.10 - - [28/Feb/2026:23:28:46 -0600] "DELETE /api/cart HTTP/1.1" 500 1334 "-" "PostmanRuntime/7.28.4"
192.168.1.10 - - [28/Feb/2026:23:28:48 -0600] "POST /api/products HTTP/1.1" 200 1587 "-" "curl/7.68.0"
172.16.0.3 - - [28/Feb/2026:23:28:49 -0600] "PUT /api/profile HTTP/1.1" 200 1367 "-" "Mozilla/5.0"
172.16.0.3 - - [28/Feb/2026:23:28:52 -0600] "DELETE /api/cart HTTP/1.1" 200 1993 "-" "Mozilla/5.0"
192.168.1.10 - - [28/Feb/2026:23:28:52 -0600] "GET /api/checkout HTTP/1.1" 200 1405 "-" "PostmanRuntime/7.28.4"
127.0.0.1 - - [28/Feb/2026:23:28:53 -0600] "POST /api/search HTTP/1.1" 500 2000 "-" "Mozilla/5.0"
10.0.0.5 - - [28/Feb/2026:23:28:55 -0600] "POST /api/products HTTP/1.1" 200 589 "-" "Mozilla/5.0"
10.0.0.5 - - [28/Feb/2026:23:28:56 -0600] "GET /api/products HTTP/1.1" 200 1093 "-" "curl/7.68.0"
172.16.0.3 - - [28/Feb/2026:23:28:58 -0600] "POST /api/login HTTP/1.1" 200 1511 "-" "Mozilla/5.0"
10.0.0.5 - - [28/Feb/2026:23:28:59 -0600] "GET /api/profile HTTP/1.1" 200 1625 "-" "Mozilla/5.0"
10.0.0.5 - - [28/Feb/2026:23:29:00 -0600] "POST /api/products HTTP/1.1" 200 1582 "-" "PostmanRuntime/7.28.4"
127.0.0.1 - - [28/Feb/2026:23:29:01 -0600] "POST /api/logout HTTP/1.1" 200 1553 "-" "PostmanRuntime/7.28.4"
172.16.0.3 - - [28/Feb/2026:23:29:03 -0600] "DELETE /api/login HTTP/1.1" 500 218 "-" "Mozilla/5.0"
10.0.0.5 - - [28/Feb/2026:23:29:03 -0600] "PUT /api/checkout HTTP/1.1" 404 1340 "-" "Mozilla/5.0"
172.16.0.3 - - [28/Feb/2026:23:29:04 -0600] "GET /api/search HTTP/1.1" 500 361 "-" "PostmanRuntime/7.28.4"
10.0.0.5 - - [28/Feb/2026:23:29:05 -0600] "POST /api/logout HTTP/1.1" 200 1510 "-" "curl/7.68.0"
192.168.1.10 - - [28/Feb/2026:23:29:06 -0600] "POST /api/search HTTP/1.1" 200 1764 "-" "PostmanRuntime/7.28.4"
10.0.0.5 - - [28/Feb/2026:23:29:07 -0600] "PUT /api/products HTTP/1.1" 200 1041 "-" "Mozilla/5.0"
10.0.0.5 - - [28/Feb/2026:23:29:09 -0600] "POST /api/login HTTP/1.1" 200 1810 "-" "PostmanRuntime/7.28.4"
172.16.0.3 - - [28/Feb/2026:23:29:10 -0600] "PUT /api/search HTTP/1.1" 200 610 "-" "PostmanRuntime/7.28.4"
10.0.0.5 - - [28/Feb/2026:23:29:10 -0600] "DELETE /api/logout HTTP/1.1" 500 1049 "-" "curl/7.68.0"
192.168.1.10 - - [28/Feb/2026:23:29:12 -0600] "DELETE /api/products HTTP/1.1" 200 1691 "-" "Mozilla/5.0"
127.0.0.1 - - [28/Feb/2026:23:29:14 -0600] "GET /api/search HTTP/1.1" 200 1635 "-" "curl/7.68.0"
192.168.1.10 - - [28/Feb/2026:23:29:16 -0600] "GET /api/logout HTTP/1.1" 200 771 "-" "Mozilla/5.0"
127.0.0.1 - - [28/Feb/2026:23:29:18 -0600] "GET /api/search HTTP/1.1" 500 669 "-" "PostmanRuntime/7.28.4"
172.16.0.3 - - [28/Feb/2026:23:29:20 -0600] "DELETE /api/cart HTTP/1.1" 500 1289 "-" "PostmanRuntime/7.28.4"
10.0.0.5 - - [28/Feb/2026:23:29:20 -0600] "GET /api/login HTTP/1.1" 200 1946 "-" "curl/7.68.0"
10.0.0.5 - - [28/Feb/2026:23:29:21 -0600] "PUT /api/login HTTP/1.1" 404 1364 "-" "curl/7.68.0"
172.16.0.3 - - [28/Feb/2026:23:29:22 -0600] "DELETE /api/profile HTTP/1.1" 200 1553 "-" "PostmanRuntime/7.28.4"
127.0.0.1 - - [28/Feb/2026:23:29:24 -0600] "PUT /api/login HTTP/1.1" 404 1161 "-" "PostmanRuntime/7.28.4"
192.168.1.10 - - [28/Feb/2026:23:29:25 -0600] "PUT /api/login HTTP/1.1" 200 647 "-" "Mozilla/5.0"
10.0.0.5 - - [28/Feb/2026:23:29:27 -0600] "PUT /api/cart HTTP/1.1" 200 328 "-" "PostmanRuntime/7.28.4"
192.168.1.10 - - [28/Feb/2026:23:29:27 -0600] "DELETE /api/search HTTP/1.1" 200 328 "-" "PostmanRuntime/7.28.4"
192.168.1.10 - - [28/Feb/2026:23:29:29 -0600] "DELETE /api/checkout HTTP/1.1" 200 878 "-" "PostmanRuntime/7.28.4"
10.0.0.5 - - [28/Feb/2026:23:29:29 -0600] "POST /api/login HTTP/1.1" 404 1252 "-" "Mozilla/5.0"
127.0.0.1 - - [28/Feb/2026:23:29:31 -0600] "PUT /api/logout HTTP/1.1" 200 1180 "-" "Mozilla/5.0"
127.0.0.1 - - [28/Feb/2026:23:29:32 -0600] "GET /api/search HTTP/1.1" 404 555 "-" "curl/7.68.0"
192.168.1.10 - - [28/Feb/2026:23:29:33 -0600] "DELETE /api/products HTTP/1.1" 200 896 "-" "PostmanRuntime/7.28.4"
172.16.0.3 - - [28/Feb/2026:23:29:35 -0600] "GET /api/login HTTP/1.1" 200 291 "-" "PostmanRuntime/7.28.4"
10.0.0.5 - - [28/Feb/2026:23:29:37 -0600] "PUT /api/profile HTTP/1.1" 404 617 "-" "curl/7.68.0"
127.0.0.1 - - [28/Feb/2026:23:29:38 -0600] "POST /api/logout HTTP/1.1" 200 1677 "-" "curl/7.68.0"
192.168.1.10 - - [28/Feb/2026:23:29:40 -0600] "PUT /api/profile HTTP/1.1" 404 1629 "-" "curl/7.68.0"
127.0.0.1 - - [28/Feb/2026:23:29:42 -0600] "DELETE /api/cart HTTP/1.1" 500 284 "-" "PostmanRuntime/7.28.4"
127.0.0.1 - - [28/Feb/2026:23:29:42 -0600] "GET /api/products HTTP/1.1" 200 1055 "-" "PostmanRuntime/7.28.4"
10.0.0.5 - - [28/Feb/2026:23:29:43 -0600] "GET /api/checkout HTTP/1.1" 404 224 "-" "curl/7.68.0"
127.0.0.1 - - [28/Feb/2026:23:29:45 -0600] "DELETE /api/cart HTTP/1.1" 200 1272 "-" "curl/7.68.0"
192.168.1.10 - - [28/Feb/2026:23:29:46 -0600] "DELETE /api/logout HTTP/1.1" 500 1080 "-" "curl/7.68.0"
172.16.0.3 - - [28/Feb/2026:23:29:48 -0600] "PUT /api/login HTTP/1.1" 500 1370 "-" "PostmanRuntime/7.28.4"
172.16.0.3 - - [28/Feb/2026:23:29:49 -0600] "POST /api/checkout HTTP/1.1" 404 1697 "-" "PostmanRuntime/7.28.4"
172.16.0.3 - - [28/Feb/2026:23:29:51 -0600] "DELETE /api/products HTTP/1.1" 500 1089 "-" "PostmanRuntime/7.28.4"
172.16.0.3 - - [28/Feb/2026:23:29:53 -0600] "GET /api/products HTTP/1.1" 500 474 "-" "PostmanRuntime/7.28.4"
10.0.0.5 - - [28/Feb/2026:23:29:54 -0600] "PUT /api/checkout HTTP/1.1" 200 630 "-" "PostmanRuntime/7.28.4"
10.0.0.5 - - [28/Feb/2026:23:29:55 -0600] "GET /api/products HTTP/1.1" 404 614 "-" "PostmanRuntime/7.28.4"
10.0.0.5 - - [28/Feb/2026:23:29:56 -0600] "POST /api/login HTTP/1.1" 500 1782 "-" "Mozilla/5.0"
10.0.0.5 - - [28/Feb/2026:23:29:57 -0600] "POST /api/search HTTP/1.1" 200 240 "-" "PostmanRuntime/7.28.4"
10.0.0.5 - - [28/Feb/2026:23:29:59 -0600] "GET /api/search HTTP/1.1" 500 889 "-" "Mozilla/5.0"
172.16.0.3 - - [28/Feb/2026:23:30:01 -0600] "DELETE /api/checkout HTTP/1.1" 200 612 "-" "curl/7.68.0"
127.0.0.1 - - [28/Feb/2026:23:30:03 -0600] "POST /api/logout HTTP/1.1" 200 1408 "-" "curl/7.68.0"
10.0.0.5 - - [28/Feb/2026:23:30:04 -0600] "POST /api/logout HTTP/1.1" 500 1131 "-" "Mozilla/5.0"
10.0.0.5 - - [28/Feb/2026:23:30:05 -0600] "POST /api/products HTTP/1.1" 200 1270 "-" "curl/7.68.0"
172.16.0.3 - - [28/Feb/2026:23:30:07 -0600] "DELETE /api/login HTTP/1.1" 500 1460 "-" "curl/7.68.0"
192.168.1.10 - - [28/Feb/2026:23:30:08 -0600] "PUT /api/logout HTTP/1.1" 200 1040 "-" "PostmanRuntime/7.28.4"
192.168.1.10 - - [28/Feb/2026:23:30:10 -0600] "PUT /api/products HTTP/1.1" 404 1369 "-" "curl/7.68.0"
10.0.0.5 - - [28/Feb/2026:23:30:11 -0600] "PUT /api/cart HTTP/1.1" 200 1860 "-" "Mozilla/5.0"
192.168.1.10 - - [28/Feb/2026:23:30:12 -0600] "POST /api/profile HTTP/1.1" 200 964 "-" "curl/7.68.0"
127.0.0.1 - - [28/Feb/2026:23:30:13 -0600] "GET /api/login HTTP/1.1" 200 1248 "-" "Mozilla/5.0"
192.168.1.10 - - [28/Feb/2026:23:30:15 -0600] "POST /api/logout HTTP/1.1" 404 1050 "-" "PostmanRuntime/7.28.4"
172.16.0.3 - - [28/Feb/2026:23:30:17 -0600] "PUT /api/profile HTTP/1.1" 200 948 "-" "curl/7.68.0"
192.168.1.10 - - [28/Feb/2026:23:30:18 -0600] "DELETE /api/login HTTP/1.1" 200 569 "-" "Mozilla/5.0"
127.0.0.1 - - [28/Feb/2026:23:30:19 -0600] "GET /api/search HTTP/1.1" 200 479 "-" "curl/7.68.0"
192.168.1.10 - - [28/Feb/2026:23:30:20 -0600] "PUT /api/login HTTP/1.1" 200 1475 "-" "PostmanRuntime/7.28.4"
127.0.0.1 - - [28/Feb/2026:23:30:20 -0600] "PUT /api/logout HTTP/1.1" 200 678 "-" "curl/7.68.0"
10.0.0.5 - - [28/Feb/2026:23:30:22 -0600] "DELETE /api/login HTTP/1.1" 200 1052 "-" "curl/7.68.0"
172.16.0.3 - - [28/Feb/2026:23:30:23 -0600] "GET /api/profile HTTP/1.1" 404 1502 "-" "Mozilla/5.0"
192.168.1.10 - - [28/Feb/2026:23:30:24 -0600] "POST /api/login HTTP/1.1" 500 327 "-" "curl/7.68.0"
127.0.0.1 - - [28/Feb/2026:23:30:26 -0600] "GET /api/checkout HTTP/1.1" 404 1577 "-" "Mozilla/5.0"
10.0.0.5 - - [28/Feb/2026:23:30:27 -0600] "DELETE /api/logout HTTP/1.1" 200 463 "-" "PostmanRuntime/7.28.4"
10.0.0.5 - - [28/Feb/2026:23:30:27 -0600] "GET /api/cart HTTP/1.1" 200 1651 "-" "PostmanRuntime/7.28.4"
192.168.1.10 - - [28/Feb/2026:23:30:29 -0600] "POST /api/cart HTTP/1.1" 200 1967 "-" "Mozilla/5.0"
192.168.1.10 - - [28/Feb/2026:23:30:30 -0600] "GET /api/login HTTP/1.1" 200 1600 "-" "Mozilla/5.0"
127.0.0.1 - - [28/Feb/2026:23:30:32 -0600] "PUT /api/cart HTTP/1.1" 200 1197 "-" "curl/7.68.0"
172.16.0.3 - - [28/Feb/2026:23:30:33 -0600] "POST /api/cart HTTP/1.1" 200 459 "-" "curl/7.68.0"
172.16.0.3 - - [28/Feb/2026:23:30:34 -0600] "PUT /api/login HTTP/1.1" 404 491 "-" "curl/7.68.0"
172.16.0.3 - - [28/Feb/2026:23:30:35 -0600] "PUT /api/login HTTP/1.1" 404 312 "-" "PostmanRuntime/7.28.4"
127.0.0.1 - - [28/Feb/2026:23:30:37 -0600] "DELETE /api/profile HTTP/1.1" 500 892 "-" "PostmanRuntime/7.28.4"
127.0.0.1 - - [28/Feb/2026:23:30:39 -0600] "POST /api/logout HTTP/1.1" 200 545 "-" "Mozilla/5.0"
192.168.1.10 - - [28/Feb/2026:23:30:39 -0600] "GET /api/checkout HTTP/1.1" 500 739 "-" "Mozilla/5.0"
10.0.0.5 - - [28/Feb/2026:23:30:40 -0600] "DELETE /api/logout HTTP/1.1" 200 390 "-" "curl/7.68.0"
172.16.0.3 - - [28/Feb/2026:23:30:42 -0600] "PUT /api/profile HTTP/1.1" 200 1681 "-" "PostmanRuntime/7.28.4"
172.16.0.3 - - [28/Feb/2026:23:30:44 -0600] "DELETE /api/search HTTP/1.1" 500 557 "-" "curl/7.68.0"
172.16.0.3 - - [28/Feb/2026:23:30:45 -0600] "PUT /api/cart HTTP/1.1" 200 1877 "-" "PostmanRuntime/7.28.4"
172.16.0.3 - - [28/Feb/2026:23:30:46 -0600] "GET /api/checkout HTTP/1.1" 200 444 "-" "Mozilla/5.0"
172.16.0.3 - - [28/Feb/2026:23:30:48 -0600] "PUT /api/login HTTP/1.1" 404 1676 "-" "curl/7.68.0"
172.16.0.3 - - [28/Feb/2026:23:30:50 -0600] "PUT /api/login HTTP/1.1" 404 1789 "-" "PostmanRuntime/7.28.4"
172.16.0.3 - - [28/Feb/2026:23:30:51 -0600] "DELETE /api/logout HTTP/1.1" 200 474 "-" "curl/7.68.0"
127.0.0.1 - - [28/Feb/2026:23:30:53 -0600] "GET /api/profile HTTP/1.1" 500 693 "-" "Mozilla/5.0"
172.16.0.3 - - [28/Feb/2026:23:30:54 -0600] "GET /api/checkout HTTP/1.1" 404 937 "-" "PostmanRuntime/7.28.4"
127.0.0.1 - - [28/Feb/2026:23:30:55 -0600] "POST /api/cart HTTP/1.1" 200 699 "-" "Mozilla/5.0"
10.0.0.5 - - [28/Feb/2026:23:30:56 -0600] "PUT /api/search HTTP/1.1" 200 655 "-" "curl/7.68.0"
127.0.0.1 - - [28/Feb/2026:23:30:58 -0600] "PUT /api/search HTTP/1.1" 200 923 "-" "PostmanRuntime/7.28.4"
192.168.1.10 - - [28/Feb/2026:23:30:58 -0600] "GET /api/logout HTTP/1.1" 404 1601 "-" "curl/7.68.0"
192.168.1.10 - - [28/Feb/2026:23:30:59 -0600] "POST /api/products HTTP/1.1" 200 912 "-" "curl/7.68.0"
192.168.1.10 - - [28/Feb/2026:23:31:00 -0600] "GET /api/profile HTTP/1.1" 200 270 "-" "curl/7.68.0"
172.16.0.3 - - [28/Feb/2026:23:31:02 -0600] "DELETE /api/login HTTP/1.1" 200 1369 "-" "curl/7.68.0"
10.0.0.5 - - [28/Feb/2026:23:31:03 -0600] "PUT /api/login HTTP/1.1" 200 1373 "-" "PostmanRuntime/7.28.4"
127.0.0.1 - - [28/Feb/2026:23:31:05 -0600] "POST /api/profile HTTP/1.1" 200 936 "-" "curl/7.68.0"
192.168.1.10 - - [28/Feb/2026:23:31:07 -0600] "PUT /api/cart HTTP/1.1" 404 579 "-" "PostmanRuntime/7.28.4"
172.16.0.3 - - [28/Feb/2026:23:31:07 -0600] "PUT /api/checkout HTTP/1.1" 200 848 "-" "curl/7.68.0"
10.0.0.5 - - [28/Feb/2026:23:31:09 -0600] "GET /api/products HTTP/1.1" 200 1404 "-" "curl/7.68.0"
127.0.0.1 - - [28/Feb/2026:23:31:11 -0600] "POST /api/profile HTTP/1.1" 200 1701 "-" "curl/7.68.0"
172.16.0.3 - - [28/Feb/2026:23:31:13 -0600] "PUT /api/cart HTTP/1.1" 500 649 "-" "Mozilla/5.0"
192.168.1.10 - - [28/Feb/2026:23:31:15 -0600] "DELETE /api/checkout HTTP/1.1" 200 1627 "-" "curl/7.68.0"
192.168.1.10 - - [28/Feb/2026:23:31:17 -0600] "PUT /api/logout HTTP/1.1" 200 428 "-" "curl/7.68.0"
10.0.0.5 - - [28/Feb/2026:23:31:18 -0600] "PUT /api/products HTTP/1.1" 200 300 "-" "Mozilla/5.0"
192.168.1.10 - - [28/Feb/2026:23:31:19 -0600] "POST /api/cart HTTP/1.1" 200 1507 "-" "PostmanRuntime/7.28.4"
172.16.0.3 - - [28/Feb/2026:23:31:21 -0600] "GET /api/logout HTTP/1.1" 200 861 "-" "curl/7.68.0"
10.0.0.5 - - [28/Feb/2026:23:31:23 -0600] "DELETE /api/products HTTP/1.1" 500 1148 "-" "curl/7.68.0"
192.168.1.10 - - [28/Feb/2026:23:31:25 -0600] "PUT /api/products HTTP/1.1" 200 1750 "-" "curl/7.68.0"
127.0.0.1 - - [28/Feb/2026:23:31:26 -0600] "DELETE /api/cart HTTP/1.1" 200 1013 "-" "PostmanRuntime/7.28.4"
172.16.0.3 - - [28/Feb/2026:23:31:27 -0600] "GET /api/logout HTTP/1.1" 500 818 "-" "PostmanRuntime/7.28.4"
172.16.0.3 - - [28/Feb/2026:23:31:28 -0600] "GET /api/search HTTP/1.1" 200 1720 "-" "curl/7.68.0"
127.0.0.1 - - [28/Feb/2026:23:31:30 -0600] "POST /api/login HTTP/1.1" 200 481 "-" "Mozilla/5.0"
10.0.0.5 - - [28/Feb/2026:23:31:32 -0600] "GET /api/checkout HTTP/1.1" 200 1845 "-" "curl/7.68.0"
192.168.1.10 - - [28/Feb/2026:23:31:33 -0600] "POST /api/login HTTP/1.1" 200 1306 "-" "curl/7.68.0"
127.0.0.1 - - [28/Feb/2026:23:31:35 -0600] "PUT /api/search HTTP/1.1" 404 1114 "-" "Mozilla/5.0"
172.16.0.3 - - [28/Feb/2026:23:31:37 -0600] "DELETE /api/login HTTP/1.1" 200 1748 "-" "Mozilla/5.0"
172.16.0.3 - - [28/Feb/2026:23:31:38 -0600] "GET /api/checkout HTTP/1.1" 200 554 "-" "curl/7.68.0"
172.16.0.3 - - [28/Feb/2026:23:31:40 -0600] "PUT /api/cart HTTP/1.1" 200 1117 "-" "PostmanRuntime/7.28.4"
127.0.0.1 - - [28/Feb/2026:23:31:41 -0600] "DELETE /api/search HTTP/1.1" 200 1925 "-" "curl/7.68.0"
192.168.1.10 - - [28/Feb/2026:23:31:42 -0600] "GET /api/checkout HTTP/1.1" 200 793 "-" "Mozilla/5.0"
10.0.0.5 - - [28/Feb/2026:23:31:43 -0600] "PUT /api/profile HTTP/1.1" 200 458 "-" "curl/7.68.0"
192.168.1.10 - - [28/Feb/2026:23:31:45 -0600] "POST /api/logout HTTP/1.1" 200 315 "-" "PostmanRuntime/7.28.4"
172.16.0.3 - - [28/Feb/2026:23:31:48 -0600] "PUT /api/search HTTP/1.1" 200 1575 "-" "curl/7.68.0"
10.0.0.5 - - [28/Feb/2026:23:31:48 -0600] "POST /api/products HTTP/1.1" 200 1800 "-" "PostmanRuntime/7.28.4"
192.168.1.10 - - [28/Feb/2026:23:31:50 -0600] "DELETE /api/search HTTP/1.1" 200 913 "-" "curl/7.68.0"
172.16.0.3 - - [28/Feb/2026:23:31:51 -0600] "POST /api/checkout HTTP/1.1" 200 1054 "-" "Mozilla/5.0"
127.0.0.1 - - [28/Feb/2026:23:31:52 -0600] "POST /api/logout HTTP/1.1" 404 1214 "-" "curl/7.68.0"
172.16.0.3 - - [28/Feb/2026:23:31:53 -0600] "DELETE /api/search HTTP/1.1" 500 1685 "-" "PostmanRuntime/7.28.4"
10.0.0.5 - - [28/Feb/2026:23:31:54 -0600] "GET /api/login HTTP/1.1" 200 1554 "-" "PostmanRuntime/7.28.4"
127.0.0.1 - - [28/Feb/2026:23:31:56 -0600] "PUT /api/login HTTP/1.1" 200 801 "-" "curl/7.68.0"
172.16.0.3 - - [28/Feb/2026:23:31:57 -0600] "GET /api/search HTTP/1.1" 200 345 "-" "curl/7.68.0"
10.0.0.5 - - [28/Feb/2026:23:31:58 -0600] "PUT /api/logout HTTP/1.1" 200 1884 "-" "curl/7.68.0"
127.0.0.1 - - [28/Feb/2026:23:31:59 -0600] "POST /api/login HTTP/1.1" 500 1778 "-" "curl/7.68.0"
192.168.1.10 - - [28/Feb/2026:23:32:01 -0600] "POST /api/checkout HTTP/1.1" 500 1919 "-" "Mozilla/5.0"
172.16.0.3 - - [28/Feb/2026:23:32:03 -0600] "PUT /api/cart HTTP/1.1" 200 905 "-" "Mozilla/5.0"
10.0.0.5 - - [28/Feb/2026:23:32:05 -0600] "PUT /api/products HTTP/1.1" 500 972 "-" "Mozilla/5.0"
192.168.1.10 - - [28/Feb/2026:23:32:07 -0600] "DELETE /api/logout HTTP/1.1" 200 254 "-" "Mozilla/5.0"
172.16.0.3 - - [28/Feb/2026:23:32:08 -0600] "POST /api/search HTTP/1.1" 200 255 "-" "curl/7.68.0"
127.0.0.1 - - [28/Feb/2026:23:32:10 -0600] "DELETE /api/products HTTP/1.1" 404 1317 "-" "curl/7.68.0"
172.16.0.3 - - [28/Feb/2026:23:32:11 -0600] "GET /api/search HTTP/1.1" 404 1907 "-" "curl/7.68.0"
172.16.0.3 - - [28/Feb/2026:23:32:12 -0600] "GET /api/products HTTP/1.1" 200 262 "-" "Mozilla/5.0"
127.0.0.1 - - [28/Feb/2026:23:32:14 -0600] "DELETE /api/login HTTP/1.1" 200 494 "-" "PostmanRuntime/7.28.4"
127.0.0.1 - - [28/Feb/2026:23:32:16 -0600] "POST /api/cart HTTP/1.1" 200 807 "-" "Mozilla/5.0"
127.0.0.1 - - [28/Feb/2026:23:32:17 -0600] "PUT /api/cart HTTP/1.1" 404 1159 "-" "PostmanRuntime/7.28.4"
192.168.1.10 - - [28/Feb/2026:23:32:18 -0600] "DELETE /api/checkout HTTP/1.1" 200 1445 "-" "PostmanRuntime/7.28.4"
127.0.0.1 - - [28/Feb/2026:23:32:20 -0600] "DELETE /api/cart HTTP/1.1" 404 858 "-" "curl/7.68.0"
10.0.0.5 - - [28/Feb/2026:23:32:22 -0600] "GET /api/profile HTTP/1.1" 404 515 "-" "curl/7.68.0"
192.168.1.10 - - [28/Feb/2026:23:32:24 -0600] "DELETE /api/checkout HTTP/1.1" 200 1236 "-" "curl/7.68.0"
10.0.0.5 - - [28/Feb/2026:23:32:25 -0600] "POST /api/profile HTTP/1.1" 404 1597 "-" "curl/7.68.0"
10.0.0.5 - - [28/Feb/2026:23:32:25 -0600] "PUT /api/products HTTP/1.1" 200 1211 "-" "Mozilla/5.0"
10.0.0.5 - - [28/Feb/2026:23:32:26 -0600] "DELETE /api/checkout HTTP/1.1" 200 861 "-" "Mozilla/5.0"
127.0.0.1 - - [28/Feb/2026:23:32:27 -0600] "POST /api/products HTTP/1.1" 404 206 "-" "PostmanRuntime/7.28.4"
10.0.0.5 - - [28/Feb/2026:23:32:28 -0600] "POST /api/products HTTP/1.1" 200 821 "-" "PostmanRuntime/7.28.4"
172.16.0.3 - - [28/Feb/2026:23:32:29 -0600] "PUT /api/login HTTP/1.1" 200 1638 "-" "PostmanRuntime/7.28.4"
192.168.1.10 - - [28/Feb/2026:23:32:31 -0600] "POST /api/logout HTTP/1.1" 500 1679 "-" "Mozilla/5.0"
172.16.0.3 - - [28/Feb/2026:23:32:33 -0600] "GET /api/logout HTTP/1.1" 200 1496 "-" "Mozilla/5.0"
172.16.0.3 - - [28/Feb/2026:23:32:34 -0600] "POST /api/products HTTP/1.1" 200 1686 "-" "curl/7.68.0"
172.16.0.3 - - [28/Feb/2026:23:32:36 -0600] "POST /api/cart HTTP/1.1" 200 1695 "-" "Mozilla/5.0"
10.0.0.5 - - [28/Feb/2026:23:32:37 -0600] "DELETE /api/logout HTTP/1.1" 404 1808 "-" "curl/7.68.0"
10.0.0.5 - - [28/Feb/2026:23:32:39 -0600] "PUT /api/search HTTP/1.1" 500 1339 "-" "PostmanRuntime/7.28.4"
192.168.1.10 - - [28/Feb/2026:23:32:40 -0600] "POST /api/login HTTP/1.1" 500 1454 "-" "Mozilla/5.0"
10.0.0.5 - - [28/Feb/2026:23:32:41 -0600] "PUT /api/logout HTTP/1.1" 404 1750 "-" "Mozilla/5.0"
192.168.1.10 - - [28/Feb/2026:23:32:42 -0600] "PUT /api/cart HTTP/1.1" 500 1252 "-" "Mozilla/5.0"
192.168.1.10 - - [28/Feb/2026:23:32:43 -0600] "PUT /api/checkout HTTP/1.1" 500 424 "-" "curl/7.68.0"
172.16.0.3 - - [28/Feb/2026:23:32:45 -0600] "PUT /api/search HTTP/1.1" 200 1870 "-" "Mozilla/5.0"
192.168.1.10 - - [28/Feb/2026:23:32:47 -0600] "PUT /api/login HTTP/1.1" 200 1855 "-" "Mozilla/5.0"
10.0.0.5 - - [28/Feb/2026:23:32:48 -0600] "GET /api/cart HTTP/1.1" 200 1216 "-" "Mozilla/5.0"
10.0.0.5 - - [28/Feb/2026:23:32:49 -0600] "GET /api/login HTTP/1.1" 500 1808 "-" "Mozilla/5.0"
172.16.0.3 - - [28/Feb/2026:23:32:50 -0600] "DELETE /api/cart HTTP/1.1" 500 731 "-" "PostmanRuntime/7.28.4"
192.168.1.10 - - [28/Feb/2026:23:32:52 -0600] "GET /api/cart HTTP/1.1" 404 1473 "-" "Mozilla/5.0"
172.16.0.3 - - [28/Feb/2026:23:32:52 -0600] "PUT /api/logout HTTP/1.1" 200 613 "-" "Mozilla/5.0"
10.0.0.5 - - [28/Feb/2026:23:32:53 -0600] "POST /api/checkout HTTP/1.1" 200 374 "-" "PostmanRuntime/7.28.4"
192.168.1.10 - - [28/Feb/2026:23:32:55 -0600] "POST /api/search HTTP/1.1" 200 923 "-" "curl/7.68.0"
192.168.1.10 - - [28/Feb/2026:23:32:56 -0600] "DELETE /api/profile HTTP/1.1" 500 209 "-" "curl/7.68.0"
192.168.1.10 - - [28/Feb/2026:23:32:57 -0600] "PUT /api/logout HTTP/1.1" 200 1184 "-" "PostmanRuntime/7.28.4"
10.0.0.5 - - [28/Feb/2026:23:32:59 -0600] "POST /api/checkout HTTP/1.1" 404 1866 "-" "curl/7.68.0"
10.0.0.5 - - [28/Feb/2026:23:33:01 -0600] "GET /api/products HTTP/1.1" 404 1155 "-" "curl/7.68.0"
172.16.0.3 - - [28/Feb/2026:23:33:03 -0600] "POST /api/search HTTP/1.1" 200 1581 "-" "Mozilla/5.0"
172.16.0.3 - - [28/Feb/2026:23:33:05 -0600] "GET /api/checkout HTTP/1.1" 200 1591 "-" "PostmanRuntime/7.28.4"
192.168.1.10 - - [28/Feb/2026:23:33:07 -0600] "POST /api/search HTTP/1.1" 200 732 "-" "curl/7.68.0"
192.168.1.10 - - [28/Feb/2026:23:33:08 -0600] "POST /api/profile HTTP/1.1" 404 540 "-" "PostmanRuntime/7.28.4"
172.16.0.3 - - [28/Feb/2026:23:33:09 -0600] "PUT /api/checkout HTTP/1.1" 500 583 "-" "PostmanRuntime/7.28.4"
192.168.1.10 - - [28/Feb/2026:23:33:10 -0600] "PUT /api/logout HTTP/1.1" 404 1433 "-" "curl/7.68.0"
10.0.0.5 - - [28/Feb/2026:23:33:12 -0600] "DELETE /api/login HTTP/1.1" 200 1744 "-" "Mozilla/5.0"
172.16.0.3 - - [28/Feb/2026:23:33:12 -0600] "PUT /api/logout HTTP/1.1" 200 1716 "-" "PostmanRuntime/7.28.4"
10.0.0.5 - - [28/Feb/2026:23:33:14 -0600] "PUT /api/logout HTTP/1.1" 500 547 "-" "PostmanRuntime/7.28.4"
10.0.0.5 - - [28/Feb/2026:23:33:15 -0600] "GET /api/checkout HTTP/1.1" 500 1163 "-" "curl/7.68.0"
10.0.0.5 - - [28/Feb/2026:23:33:16 -0600] "PUT /api/search HTTP/1.1" 200 807 "-" "Mozilla/5.0"
10.0.0.5 - - [28/Feb/2026:23:33:17 -0600] "DELETE /api/products HTTP/1.1" 404 840 "-" "curl/7.68.0"
10.0.0.5 - - [28/Feb/2026:23:33:19 -0600] "GET /api/cart HTTP/1.1" 200 1452 "-" "Mozilla/5.0"
10.0.0.5 - - [28/Feb/2026:23:33:20 -0600] "DELETE /api/login HTTP/1.1" 200 1351 "-" "PostmanRuntime/7.28.4"
127.0.0.1 - - [28/Feb/2026:23:33:22 -0600] "PUT /api/profile HTTP/1.1" 200 410 "-" "curl/7.68.0"
192.168.1.10 - - [28/Feb/2026:23:33:23 -0600] "PUT /api/cart HTTP/1.1" 404 436 "-" "curl/7.68.0"
172.16.0.3 - - [28/Feb/2026:23:33:24 -0600] "PUT /api/profile HTTP/1.1" 500 1000 "-" "Mozilla/5.0"
192.168.1.10 - - [28/Feb/2026:23:33:25 -0600] "PUT /api/login HTTP/1.1" 200 1853 "-" "Mozilla/5.0"
172.16.0.3 - - [28/Feb/2026:23:33:26 -0600] "GET /api/logout HTTP/1.1" 200 1557 "-" "PostmanRuntime/7.28.4"
192.168.1.10 - - [28/Feb/2026:23:33:28 -0600] "GET /api/login HTTP/1.1" 200 1501 "-" "curl/7.68.0"
192.168.1.10 - - [28/Feb/2026:23:33:29 -0600] "PUT /api/cart HTTP/1.1" 500 365 "-" "PostmanRuntime/7.28.4"
127.0.0.1 - - [28/Feb/2026:23:33:30 -0600] "GET /api/logout HTTP/1.1" 200 1428 "-" "curl/7.68.0"
127.0.0.1 - - [28/Feb/2026:23:33:31 -0600] "GET /api/checkout HTTP/1.1" 200 1692 "-" "Mozilla/5.0"
172.16.0.3 - - [28/Feb/2026:23:33:32 -0600] "PUT /api/cart HTTP/1.1" 200 1674 "-" "PostmanRuntime/7.28.4"
172.16.0.3 - - [28/Feb/2026:23:33:33 -0600] "DELETE /api/search HTTP/1.1" 500 1789 "-" "curl/7.68.0"
192.168.1.10 - - [28/Feb/2026:23:33:35 -0600] "POST /api/logout HTTP/1.1" 500 1946 "-" "PostmanRuntime/7.28.4"
10.0.0.5 - - [28/Feb/2026:23:33:35 -0600] "POST /api/checkout HTTP/1.1" 200 1120 "-" "Mozilla/5.0"
192.168.1.10 - - [28/Feb/2026:23:33:37 -0600] "GET /api/login HTTP/1.1" 500 519 "-" "Mozilla/5.0"
127.0.0.1 - - [28/Feb/2026:23:33:38 -0600] "POST /api/cart HTTP/1.1" 500 1058 "-" "PostmanRuntime/7.28.4"
127.0.0.1 - - [28/Feb/2026:23:33:41 -0600] "POST /api/search HTTP/1.1" 200 1431 "-" "PostmanRuntime/7.28.4"
10.0.0.5 - - [28/Feb/2026:23:33:42 -0600] "POST /api/cart HTTP/1.1" 404 996 "-" "PostmanRuntime/7.28.4"
192.168.1.10 - - [28/Feb/2026:23:33:44 -0600] "POST /api/search HTTP/1.1" 200 447 "-" "curl/7.68.0"
172.16.0.3 - - [28/Feb/2026:23:33:45 -0600] "POST /api/cart HTTP/1.1" 200 202 "-" "PostmanRuntime/7.28.4"
10.0.0.5 - - [28/Feb/2026:23:33:47 -0600] "DELETE /api/cart HTTP/1.1" 404 457 "-" "Mozilla/5.0"
10.0.0.5 - - [28/Feb/2026:23:33:48 -0600] "POST /api/login HTTP/1.1" 500 1770 "-" "curl/7.68.0"
127.0.0.1 - - [28/Feb/2026:23:33:50 -0600] "PUT /api/login HTTP/1.1" 200 1735 "-" "PostmanRuntime/7.28.4"
10.0.0.5 - - [28/Feb/2026:23:33:52 -0600] "PUT /api/profile HTTP/1.1" 500 636 "-" "curl/7.68.0"
127.0.0.1 - - [28/Feb/2026:23:33:52 -0600] "POST /api/cart HTTP/1.1" 200 1642 "-" "PostmanRuntime/7.28.4"
172.16.0.3 - - [28/Feb/2026:23:33:54 -0600] "PUT /api/logout HTTP/1.1" 200 1170 "-" "PostmanRuntime/7.28.4"
172.16.0.3 - - [28/Feb/2026:23:33:55 -0600] "GET /api/checkout HTTP/1.1" 200 1119 "-" "curl/7.68.0"
127.0.0.1 - - [28/Feb/2026:23:33:56 -0600] "POST /api/products HTTP/1.1" 200 1172 "-" "PostmanRuntime/7.28.4"
10.0.0.5 - - [28/Feb/2026:23:33:56 -0600] "PUT /api/search HTTP/1.1" 200 891 "-" "PostmanRuntime/7.28.4"
127.0.0.1 - - [28/Feb/2026:23:33:58 -0600] "GET /api/profile HTTP/1.1" 200 839 "-" "Mozilla/5.0"
192.168.1.10 - - [28/Feb/2026:23:34:00 -0600] "POST /api/login HTTP/1.1" 200 311 "-" "Mozilla/5.0"
127.0.0.1 - - [28/Feb/2026:23:34:01 -0600] "DELETE /api/login HTTP/1.1" 500 298 "-" "PostmanRuntime/7.28.4"
10.0.0.5 - - [28/Feb/2026:23:34:03 -0600] "POST /api/search HTTP/1.1" 200 1860 "-" "curl/7.68.0"
127.0.0.1 - - [28/Feb/2026:23:34:04 -0600] "POST /api/products HTTP/1.1" 200 533 "-" "PostmanRuntime/7.28.4"
192.168.1.10 - - [28/Feb/2026:23:34:06 -0600] "POST /api/logout HTTP/1.1" 200 455 "-" "PostmanRuntime/7.28.4"
